// Jest Snapshot v1, https://goo.gl/fbAQLP

exports[`<Description /> component testing +++capturing snapshot of Description  1`] = `ReactWrapper {}`;
