// Jest Snapshot v1, https://goo.gl/fbAQLP

exports[`<Movie> Snapshot +++capturing snapshot of Movie 1`] = `ShallowWrapper {}`;
