// Jest Snapshot v1, https://goo.gl/fbAQLP

exports[`<App> component testing +++capturing snapshot of App 1`] = `ReactWrapper {}`;
