// Jest Snapshot v1, https://goo.gl/fbAQLP

exports[`<Header /> component testing test #1 snapshot testing 1`] = `ShallowWrapper {}`;
