// Jest Snapshot v1, https://goo.gl/fbAQLP

exports[`<Movies /> component testing +++capturing snapshot of Movies  1`] = `ReactWrapper {}`;
